Ralph works!
